Copyright 1986-2022 Xilinx, Inc. All Rights Reserved. Copyright 2022-2024 Advanced Micro Devices, Inc. All Rights Reserved.
------------------------------------------------------------------------------------------------------------------------------------------------------
| Tool Version : Vivado v.2024.2 (win64) Build 5239630 Fri Nov 08 22:35:27 MST 2024
| Date         : Sat May 16 13:01:50 2026
| Host         : DESKTOP-3JAF2N8 running 64-bit major release  (build 9200)
| Command      : report_drc -file lbtiny_mem_viewer_top_drc_opted.rpt -pb lbtiny_mem_viewer_top_drc_opted.pb -rpx lbtiny_mem_viewer_top_drc_opted.rpx
| Design       : lbtiny_mem_viewer_top
| Device       : xc7a100tcsg324-1
| Speed File   : -1
| Design State : Synthesized
------------------------------------------------------------------------------------------------------------------------------------------------------

Report DRC

Table of Contents
-----------------
1. REPORT SUMMARY
2. REPORT DETAILS

1. REPORT SUMMARY
-----------------
            Netlist: netlist
          Floorplan: design_1
      Design limits: <entire design considered>
           Ruledeck: default
             Max checks: <unlimited>
             Checks found: 42
+-----------+----------+----------------------------+--------+
| Rule      | Severity | Description                | Checks |
+-----------+----------+----------------------------+--------+
| CHECK-3   | Warning  | Report rule limit reached  | 2      |
| REQP-1839 | Warning  | RAMB36 async control check | 20     |
| REQP-1840 | Warning  | RAMB18 async control check | 20     |
+-----------+----------+----------------------------+--------+

2. REPORT DETAILS
-----------------
CHECK-3#1 Warning
Report rule limit reached  
REQP-1839 rule limit reached: 20 violations have been found.
Related violations: <none>

CHECK-3#2 Warning
Report rule limit reached  
REQP-1840 rule limit reached: 20 violations have been found.
Related violations: <none>

REQP-1839#1 Warning
RAMB36 async control check  
The RAMB36E1 u_slave/rom_mem_reg has an input control pin u_slave/rom_mem_reg/ADDRARDADDR[10] (net: u_slave/rom_waddr[7]) which is driven by a register (u_slave/erase_idx_reg[7]) that has an active asychronous set or reset. This may cause corruption of the memory contents and/or read values when the set/reset is asserted and is not analyzed by the default static timing analysis. It is suggested to eliminate the use of a set/reset to registers driving this RAMB pin or else use a synchronous reset in which the assertion of the reset is timed by default.
Related violations: <none>

REQP-1839#2 Warning
RAMB36 async control check  
The RAMB36E1 u_slave/rom_mem_reg has an input control pin u_slave/rom_mem_reg/ADDRARDADDR[10] (net: u_slave/rom_waddr[7]) which is driven by a register (u_slave/erasing_reg) that has an active asychronous set or reset. This may cause corruption of the memory contents and/or read values when the set/reset is asserted and is not analyzed by the default static timing analysis. It is suggested to eliminate the use of a set/reset to registers driving this RAMB pin or else use a synchronous reset in which the assertion of the reset is timed by default.
Related violations: <none>

REQP-1839#3 Warning
RAMB36 async control check  
The RAMB36E1 u_slave/rom_mem_reg has an input control pin u_slave/rom_mem_reg/ADDRARDADDR[10] (net: u_slave/rom_waddr[7]) which is driven by a register (u_slave/rom_program_addr_reg[7]) that has an active asychronous set or reset. This may cause corruption of the memory contents and/or read values when the set/reset is asserted and is not analyzed by the default static timing analysis. It is suggested to eliminate the use of a set/reset to registers driving this RAMB pin or else use a synchronous reset in which the assertion of the reset is timed by default.
Related violations: <none>

REQP-1839#4 Warning
RAMB36 async control check  
The RAMB36E1 u_slave/rom_mem_reg has an input control pin u_slave/rom_mem_reg/ADDRARDADDR[11] (net: u_slave/rom_waddr[8]) which is driven by a register (u_slave/erase_idx_reg[8]) that has an active asychronous set or reset. This may cause corruption of the memory contents and/or read values when the set/reset is asserted and is not analyzed by the default static timing analysis. It is suggested to eliminate the use of a set/reset to registers driving this RAMB pin or else use a synchronous reset in which the assertion of the reset is timed by default.
Related violations: <none>

REQP-1839#5 Warning
RAMB36 async control check  
The RAMB36E1 u_slave/rom_mem_reg has an input control pin u_slave/rom_mem_reg/ADDRARDADDR[11] (net: u_slave/rom_waddr[8]) which is driven by a register (u_slave/erasing_reg) that has an active asychronous set or reset. This may cause corruption of the memory contents and/or read values when the set/reset is asserted and is not analyzed by the default static timing analysis. It is suggested to eliminate the use of a set/reset to registers driving this RAMB pin or else use a synchronous reset in which the assertion of the reset is timed by default.
Related violations: <none>

REQP-1839#6 Warning
RAMB36 async control check  
The RAMB36E1 u_slave/rom_mem_reg has an input control pin u_slave/rom_mem_reg/ADDRARDADDR[11] (net: u_slave/rom_waddr[8]) which is driven by a register (u_slave/rom_program_addr_reg[8]) that has an active asychronous set or reset. This may cause corruption of the memory contents and/or read values when the set/reset is asserted and is not analyzed by the default static timing analysis. It is suggested to eliminate the use of a set/reset to registers driving this RAMB pin or else use a synchronous reset in which the assertion of the reset is timed by default.
Related violations: <none>

REQP-1839#7 Warning
RAMB36 async control check  
The RAMB36E1 u_slave/rom_mem_reg has an input control pin u_slave/rom_mem_reg/ADDRARDADDR[12] (net: u_slave/rom_waddr[9]) which is driven by a register (u_slave/erase_idx_reg[9]) that has an active asychronous set or reset. This may cause corruption of the memory contents and/or read values when the set/reset is asserted and is not analyzed by the default static timing analysis. It is suggested to eliminate the use of a set/reset to registers driving this RAMB pin or else use a synchronous reset in which the assertion of the reset is timed by default.
Related violations: <none>

REQP-1839#8 Warning
RAMB36 async control check  
The RAMB36E1 u_slave/rom_mem_reg has an input control pin u_slave/rom_mem_reg/ADDRARDADDR[12] (net: u_slave/rom_waddr[9]) which is driven by a register (u_slave/erasing_reg) that has an active asychronous set or reset. This may cause corruption of the memory contents and/or read values when the set/reset is asserted and is not analyzed by the default static timing analysis. It is suggested to eliminate the use of a set/reset to registers driving this RAMB pin or else use a synchronous reset in which the assertion of the reset is timed by default.
Related violations: <none>

REQP-1839#9 Warning
RAMB36 async control check  
The RAMB36E1 u_slave/rom_mem_reg has an input control pin u_slave/rom_mem_reg/ADDRARDADDR[12] (net: u_slave/rom_waddr[9]) which is driven by a register (u_slave/rom_program_addr_reg[9]) that has an active asychronous set or reset. This may cause corruption of the memory contents and/or read values when the set/reset is asserted and is not analyzed by the default static timing analysis. It is suggested to eliminate the use of a set/reset to registers driving this RAMB pin or else use a synchronous reset in which the assertion of the reset is timed by default.
Related violations: <none>

REQP-1839#10 Warning
RAMB36 async control check  
The RAMB36E1 u_slave/rom_mem_reg has an input control pin u_slave/rom_mem_reg/ADDRARDADDR[13] (net: u_slave/rom_waddr[10]) which is driven by a register (u_slave/erase_idx_reg[10]) that has an active asychronous set or reset. This may cause corruption of the memory contents and/or read values when the set/reset is asserted and is not analyzed by the default static timing analysis. It is suggested to eliminate the use of a set/reset to registers driving this RAMB pin or else use a synchronous reset in which the assertion of the reset is timed by default.
Related violations: <none>

REQP-1839#11 Warning
RAMB36 async control check  
The RAMB36E1 u_slave/rom_mem_reg has an input control pin u_slave/rom_mem_reg/ADDRARDADDR[13] (net: u_slave/rom_waddr[10]) which is driven by a register (u_slave/erasing_reg) that has an active asychronous set or reset. This may cause corruption of the memory contents and/or read values when the set/reset is asserted and is not analyzed by the default static timing analysis. It is suggested to eliminate the use of a set/reset to registers driving this RAMB pin or else use a synchronous reset in which the assertion of the reset is timed by default.
Related violations: <none>

REQP-1839#12 Warning
RAMB36 async control check  
The RAMB36E1 u_slave/rom_mem_reg has an input control pin u_slave/rom_mem_reg/ADDRARDADDR[13] (net: u_slave/rom_waddr[10]) which is driven by a register (u_slave/rom_program_addr_reg[10]) that has an active asychronous set or reset. This may cause corruption of the memory contents and/or read values when the set/reset is asserted and is not analyzed by the default static timing analysis. It is suggested to eliminate the use of a set/reset to registers driving this RAMB pin or else use a synchronous reset in which the assertion of the reset is timed by default.
Related violations: <none>

REQP-1839#13 Warning
RAMB36 async control check  
The RAMB36E1 u_slave/rom_mem_reg has an input control pin u_slave/rom_mem_reg/ADDRARDADDR[14] (net: u_slave/rom_waddr[11]) which is driven by a register (u_slave/erase_idx_reg[11]) that has an active asychronous set or reset. This may cause corruption of the memory contents and/or read values when the set/reset is asserted and is not analyzed by the default static timing analysis. It is suggested to eliminate the use of a set/reset to registers driving this RAMB pin or else use a synchronous reset in which the assertion of the reset is timed by default.
Related violations: <none>

REQP-1839#14 Warning
RAMB36 async control check  
The RAMB36E1 u_slave/rom_mem_reg has an input control pin u_slave/rom_mem_reg/ADDRARDADDR[14] (net: u_slave/rom_waddr[11]) which is driven by a register (u_slave/erasing_reg) that has an active asychronous set or reset. This may cause corruption of the memory contents and/or read values when the set/reset is asserted and is not analyzed by the default static timing analysis. It is suggested to eliminate the use of a set/reset to registers driving this RAMB pin or else use a synchronous reset in which the assertion of the reset is timed by default.
Related violations: <none>

REQP-1839#15 Warning
RAMB36 async control check  
The RAMB36E1 u_slave/rom_mem_reg has an input control pin u_slave/rom_mem_reg/ADDRARDADDR[14] (net: u_slave/rom_waddr[11]) which is driven by a register (u_slave/rom_program_addr_reg[11]) that has an active asychronous set or reset. This may cause corruption of the memory contents and/or read values when the set/reset is asserted and is not analyzed by the default static timing analysis. It is suggested to eliminate the use of a set/reset to registers driving this RAMB pin or else use a synchronous reset in which the assertion of the reset is timed by default.
Related violations: <none>

REQP-1839#16 Warning
RAMB36 async control check  
The RAMB36E1 u_slave/rom_mem_reg has an input control pin u_slave/rom_mem_reg/ADDRARDADDR[8] (net: u_slave/rom_waddr[5]) which is driven by a register (u_slave/erase_idx_reg[5]) that has an active asychronous set or reset. This may cause corruption of the memory contents and/or read values when the set/reset is asserted and is not analyzed by the default static timing analysis. It is suggested to eliminate the use of a set/reset to registers driving this RAMB pin or else use a synchronous reset in which the assertion of the reset is timed by default.
Related violations: <none>

REQP-1839#17 Warning
RAMB36 async control check  
The RAMB36E1 u_slave/rom_mem_reg has an input control pin u_slave/rom_mem_reg/ADDRARDADDR[8] (net: u_slave/rom_waddr[5]) which is driven by a register (u_slave/erasing_reg) that has an active asychronous set or reset. This may cause corruption of the memory contents and/or read values when the set/reset is asserted and is not analyzed by the default static timing analysis. It is suggested to eliminate the use of a set/reset to registers driving this RAMB pin or else use a synchronous reset in which the assertion of the reset is timed by default.
Related violations: <none>

REQP-1839#18 Warning
RAMB36 async control check  
The RAMB36E1 u_slave/rom_mem_reg has an input control pin u_slave/rom_mem_reg/ADDRARDADDR[9] (net: u_slave/rom_waddr[6]) which is driven by a register (u_slave/erase_idx_reg[6]) that has an active asychronous set or reset. This may cause corruption of the memory contents and/or read values when the set/reset is asserted and is not analyzed by the default static timing analysis. It is suggested to eliminate the use of a set/reset to registers driving this RAMB pin or else use a synchronous reset in which the assertion of the reset is timed by default.
Related violations: <none>

REQP-1839#19 Warning
RAMB36 async control check  
The RAMB36E1 u_slave/rom_mem_reg has an input control pin u_slave/rom_mem_reg/ADDRARDADDR[9] (net: u_slave/rom_waddr[6]) which is driven by a register (u_slave/erasing_reg) that has an active asychronous set or reset. This may cause corruption of the memory contents and/or read values when the set/reset is asserted and is not analyzed by the default static timing analysis. It is suggested to eliminate the use of a set/reset to registers driving this RAMB pin or else use a synchronous reset in which the assertion of the reset is timed by default.
Related violations: <none>

REQP-1839#20 Warning
RAMB36 async control check  
The RAMB36E1 u_slave/rom_mem_reg has an input control pin u_slave/rom_mem_reg/ADDRARDADDR[9] (net: u_slave/rom_waddr[6]) which is driven by a register (u_slave/rom_program_addr_reg[6]) that has an active asychronous set or reset. This may cause corruption of the memory contents and/or read values when the set/reset is asserted and is not analyzed by the default static timing analysis. It is suggested to eliminate the use of a set/reset to registers driving this RAMB pin or else use a synchronous reset in which the assertion of the reset is timed by default.
Related violations: <none>

REQP-1840#1 Warning
RAMB18 async control check  
The RAMB18E1 u_slave/ram_mem_reg has an input control pin u_slave/ram_mem_reg/ADDRARDADDR[10] (net: u_slave/ad_low_latched_reg[7]_0[0]) which is driven by a register (u_slave/ad_low_latched_reg[6]) that has an active asychronous set or reset. This may cause corruption of the memory contents and/or read values when the set/reset is asserted and is not analyzed by the default static timing analysis. It is suggested to eliminate the use of a set/reset to registers driving this RAMB pin or else use a synchronous reset in which the assertion of the reset is timed by default.
Related violations: <none>

REQP-1840#2 Warning
RAMB18 async control check  
The RAMB18E1 u_slave/ram_mem_reg has an input control pin u_slave/ram_mem_reg/ADDRARDADDR[11] (net: u_slave/ad_low_latched_reg[7]_0[1]) which is driven by a register (u_slave/ad_low_latched_reg[7]) that has an active asychronous set or reset. This may cause corruption of the memory contents and/or read values when the set/reset is asserted and is not analyzed by the default static timing analysis. It is suggested to eliminate the use of a set/reset to registers driving this RAMB pin or else use a synchronous reset in which the assertion of the reset is timed by default.
Related violations: <none>

REQP-1840#3 Warning
RAMB18 async control check  
The RAMB18E1 u_slave/ram_mem_reg has an input control pin u_slave/ram_mem_reg/ADDRARDADDR[12] (net: u_slave/Q[0]) which is driven by a register (u_txn/bus_A_reg[0]) that has an active asychronous set or reset. This may cause corruption of the memory contents and/or read values when the set/reset is asserted and is not analyzed by the default static timing analysis. It is suggested to eliminate the use of a set/reset to registers driving this RAMB pin or else use a synchronous reset in which the assertion of the reset is timed by default.
Related violations: <none>

REQP-1840#4 Warning
RAMB18 async control check  
The RAMB18E1 u_slave/ram_mem_reg has an input control pin u_slave/ram_mem_reg/ADDRARDADDR[13] (net: u_slave/Q[1]) which is driven by a register (u_txn/bus_A_reg[1]) that has an active asychronous set or reset. This may cause corruption of the memory contents and/or read values when the set/reset is asserted and is not analyzed by the default static timing analysis. It is suggested to eliminate the use of a set/reset to registers driving this RAMB pin or else use a synchronous reset in which the assertion of the reset is timed by default.
Related violations: <none>

REQP-1840#5 Warning
RAMB18 async control check  
The RAMB18E1 u_slave/ram_mem_reg has an input control pin u_slave/ram_mem_reg/ADDRARDADDR[4] (net: u_slave/ad_low_latched[0]) which is driven by a register (u_slave/ad_low_latched_reg[0]) that has an active asychronous set or reset. This may cause corruption of the memory contents and/or read values when the set/reset is asserted and is not analyzed by the default static timing analysis. It is suggested to eliminate the use of a set/reset to registers driving this RAMB pin or else use a synchronous reset in which the assertion of the reset is timed by default.
Related violations: <none>

REQP-1840#6 Warning
RAMB18 async control check  
The RAMB18E1 u_slave/ram_mem_reg has an input control pin u_slave/ram_mem_reg/ADDRARDADDR[5] (net: u_slave/ad_low_latched[1]) which is driven by a register (u_slave/ad_low_latched_reg[1]) that has an active asychronous set or reset. This may cause corruption of the memory contents and/or read values when the set/reset is asserted and is not analyzed by the default static timing analysis. It is suggested to eliminate the use of a set/reset to registers driving this RAMB pin or else use a synchronous reset in which the assertion of the reset is timed by default.
Related violations: <none>

REQP-1840#7 Warning
RAMB18 async control check  
The RAMB18E1 u_slave/ram_mem_reg has an input control pin u_slave/ram_mem_reg/ADDRARDADDR[6] (net: u_slave/ad_low_latched[2]) which is driven by a register (u_slave/ad_low_latched_reg[2]) that has an active asychronous set or reset. This may cause corruption of the memory contents and/or read values when the set/reset is asserted and is not analyzed by the default static timing analysis. It is suggested to eliminate the use of a set/reset to registers driving this RAMB pin or else use a synchronous reset in which the assertion of the reset is timed by default.
Related violations: <none>

REQP-1840#8 Warning
RAMB18 async control check  
The RAMB18E1 u_slave/ram_mem_reg has an input control pin u_slave/ram_mem_reg/ADDRARDADDR[7] (net: u_slave/ad_low_latched[3]) which is driven by a register (u_slave/ad_low_latched_reg[3]) that has an active asychronous set or reset. This may cause corruption of the memory contents and/or read values when the set/reset is asserted and is not analyzed by the default static timing analysis. It is suggested to eliminate the use of a set/reset to registers driving this RAMB pin or else use a synchronous reset in which the assertion of the reset is timed by default.
Related violations: <none>

REQP-1840#9 Warning
RAMB18 async control check  
The RAMB18E1 u_slave/ram_mem_reg has an input control pin u_slave/ram_mem_reg/ADDRARDADDR[8] (net: u_slave/ad_low_latched[4]) which is driven by a register (u_slave/ad_low_latched_reg[4]) that has an active asychronous set or reset. This may cause corruption of the memory contents and/or read values when the set/reset is asserted and is not analyzed by the default static timing analysis. It is suggested to eliminate the use of a set/reset to registers driving this RAMB pin or else use a synchronous reset in which the assertion of the reset is timed by default.
Related violations: <none>

REQP-1840#10 Warning
RAMB18 async control check  
The RAMB18E1 u_slave/ram_mem_reg has an input control pin u_slave/ram_mem_reg/ADDRARDADDR[9] (net: u_slave/ad_low_latched[5]) which is driven by a register (u_slave/ad_low_latched_reg[5]) that has an active asychronous set or reset. This may cause corruption of the memory contents and/or read values when the set/reset is asserted and is not analyzed by the default static timing analysis. It is suggested to eliminate the use of a set/reset to registers driving this RAMB pin or else use a synchronous reset in which the assertion of the reset is timed by default.
Related violations: <none>

REQP-1840#11 Warning
RAMB18 async control check  
The RAMB18E1 u_slave/ram_mem_reg has an input control pin u_slave/ram_mem_reg/WEA[0] (net: u_slave/WEA[0]) which is driven by a register (u_txn/bus_A_reg[0]) that has an active asychronous set or reset. This may cause corruption of the memory contents and/or read values when the set/reset is asserted and is not analyzed by the default static timing analysis. It is suggested to eliminate the use of a set/reset to registers driving this RAMB pin or else use a synchronous reset in which the assertion of the reset is timed by default.
Related violations: <none>

REQP-1840#12 Warning
RAMB18 async control check  
The RAMB18E1 u_slave/ram_mem_reg has an input control pin u_slave/ram_mem_reg/WEA[0] (net: u_slave/WEA[0]) which is driven by a register (u_txn/bus_A_reg[2]) that has an active asychronous set or reset. This may cause corruption of the memory contents and/or read values when the set/reset is asserted and is not analyzed by the default static timing analysis. It is suggested to eliminate the use of a set/reset to registers driving this RAMB pin or else use a synchronous reset in which the assertion of the reset is timed by default.
Related violations: <none>

REQP-1840#13 Warning
RAMB18 async control check  
The RAMB18E1 u_slave/ram_mem_reg has an input control pin u_slave/ram_mem_reg/WEA[0] (net: u_slave/WEA[0]) which is driven by a register (u_txn/bus_WR_n_reg) that has an active asychronous set or reset. This may cause corruption of the memory contents and/or read values when the set/reset is asserted and is not analyzed by the default static timing analysis. It is suggested to eliminate the use of a set/reset to registers driving this RAMB pin or else use a synchronous reset in which the assertion of the reset is timed by default.
Related violations: <none>

REQP-1840#14 Warning
RAMB18 async control check  
The RAMB18E1 u_slave/ram_mem_reg has an input control pin u_slave/ram_mem_reg/WEA[1] (net: u_slave/WEA[0]) which is driven by a register (u_slave/wr_n_q_reg) that has an active asychronous set or reset. This may cause corruption of the memory contents and/or read values when the set/reset is asserted and is not analyzed by the default static timing analysis. It is suggested to eliminate the use of a set/reset to registers driving this RAMB pin or else use a synchronous reset in which the assertion of the reset is timed by default.
Related violations: <none>

REQP-1840#15 Warning
RAMB18 async control check  
The RAMB18E1 u_slave/ram_mem_reg has an input control pin u_slave/ram_mem_reg/WEA[1] (net: u_slave/WEA[0]) which is driven by a register (u_txn/bus_ALE_reg) that has an active asychronous set or reset. This may cause corruption of the memory contents and/or read values when the set/reset is asserted and is not analyzed by the default static timing analysis. It is suggested to eliminate the use of a set/reset to registers driving this RAMB pin or else use a synchronous reset in which the assertion of the reset is timed by default.
Related violations: <none>

REQP-1840#16 Warning
RAMB18 async control check  
The RAMB18E1 u_slave/ram_mem_reg has an input control pin u_slave/ram_mem_reg/WEA[1] (net: u_slave/WEA[0]) which is driven by a register (u_txn/bus_A_reg[0]) that has an active asychronous set or reset. This may cause corruption of the memory contents and/or read values when the set/reset is asserted and is not analyzed by the default static timing analysis. It is suggested to eliminate the use of a set/reset to registers driving this RAMB pin or else use a synchronous reset in which the assertion of the reset is timed by default.
Related violations: <none>

REQP-1840#17 Warning
RAMB18 async control check  
The RAMB18E1 u_slave/ram_mem_reg has an input control pin u_slave/ram_mem_reg/WEA[1] (net: u_slave/WEA[0]) which is driven by a register (u_txn/bus_A_reg[1]) that has an active asychronous set or reset. This may cause corruption of the memory contents and/or read values when the set/reset is asserted and is not analyzed by the default static timing analysis. It is suggested to eliminate the use of a set/reset to registers driving this RAMB pin or else use a synchronous reset in which the assertion of the reset is timed by default.
Related violations: <none>

REQP-1840#18 Warning
RAMB18 async control check  
The RAMB18E1 u_slave/ram_mem_reg has an input control pin u_slave/ram_mem_reg/WEA[1] (net: u_slave/WEA[0]) which is driven by a register (u_txn/bus_A_reg[2]) that has an active asychronous set or reset. This may cause corruption of the memory contents and/or read values when the set/reset is asserted and is not analyzed by the default static timing analysis. It is suggested to eliminate the use of a set/reset to registers driving this RAMB pin or else use a synchronous reset in which the assertion of the reset is timed by default.
Related violations: <none>

REQP-1840#19 Warning
RAMB18 async control check  
The RAMB18E1 u_slave/ram_mem_reg has an input control pin u_slave/ram_mem_reg/WEA[1] (net: u_slave/WEA[0]) which is driven by a register (u_txn/bus_A_reg[3]) that has an active asychronous set or reset. This may cause corruption of the memory contents and/or read values when the set/reset is asserted and is not analyzed by the default static timing analysis. It is suggested to eliminate the use of a set/reset to registers driving this RAMB pin or else use a synchronous reset in which the assertion of the reset is timed by default.
Related violations: <none>

REQP-1840#20 Warning
RAMB18 async control check  
The RAMB18E1 u_slave/ram_mem_reg has an input control pin u_slave/ram_mem_reg/WEA[1] (net: u_slave/WEA[0]) which is driven by a register (u_txn/bus_WR_n_reg) that has an active asychronous set or reset. This may cause corruption of the memory contents and/or read values when the set/reset is asserted and is not analyzed by the default static timing analysis. It is suggested to eliminate the use of a set/reset to registers driving this RAMB pin or else use a synchronous reset in which the assertion of the reset is timed by default.
Related violations: <none>


